// Jest Snapshot v1, https://goo.gl/fbAQLP

exports[`matches snapshot 1`] = `
<DocumentFragment>
  <div>
    <h3
      class="d-flex justify-content-center text-success my-4"
    >
      Loading...
    </h3>
    <div
      class="d-flex justify-content-center"
    >
      <div
        class="spinner-border text-success my-2"
        role="status"
      />
    </div>
  </div>
</DocumentFragment>
`;
